RAM Allocation [bytes]
Variable                                                                          Address   Size
------------------------------------------------------------------------------------------------
buf                                                                               0x0500       8

EEPROM Allocation [bytes]
Variable                                                                          Address   Size
------------------------------------------------------------------------------------------------

Register Allocation
Variable                                                                          Register  Size
------------------------------------------------------------------------------------------------
rx0_end_flag                                                                      R2.0      1bit
rx1_end_flag                                                                      R2.1      1bit
rx0_cnt                                                                           R5           1
rx1_cnt                                                                           R4           1
aaa                                                                               R7           1
bi                                                                                R6           1
i                                                                                 R9           1

FLASH Allocation [words]
Function                                                                          Address   Size
------------------------------------------------------------------------------------------------
uart0_init                                                                        0x000C9     13
uart1_init                                                                        0x000D6     16
tx_chk                                                                            0x000E6     19
tx_send                                                                           0x000F9     22
usart0_rx_int                                                                     0x0010F      5
usart1_rx_int                                                                     0x00114     21
esp8266_init                                                                      0x00129     51
esp_tx_test                                                                       0x0015C      7
main                                                                              0x00163    110
putchar                                                                           0x001D1      7
put_usart_G100                                                                    0x001D8     14
_print_G100                                                                       0x001E6    294
printf                                                                            0x0030C     35
strlen                                                                            0x0032F     12
strlenf                                                                           0x0033B     13
